// Jest Snapshot v1, https://goo.gl/fbAQLP

exports[`Home should render my component 1`] = `
"<div>
  <CreateTask />
  <ViewTask />
</div>"
`;
